====================
====================
====================
====================
====================
====================
====================
====================
============S=======
====........>>>>>v==
====.=======.====v==
====.====...=...=v==
====.====.=.=>>G=v==
====.====..=>^===v==
====.=====.=^=...v==
====.=====..^====v==
====.=====.=^<<<<<==
====================
====================
====================